// Jest Snapshot v1, https://goo.gl/fbAQLP

exports[`shallow render without crashing 1`] = `
ShallowWrapper {
  "length": 1,
  Symbol(enzyme.__root__): [Circular],
  Symbol(enzyme.__unrendered__): <FilterOptions
    carMakeOptions={
        Array [
            1,
            2,
            3,
          ]
    }
    changeOption={
        Array [
            1,
            2,
            3,
          ]
    }
    data={
        Array [
            1,
            2,
            3,
          ]
    }
    modelOptions={
        Array [
            1,
            2,
            3,
          ]
    }
/>,
  Symbol(enzyme.__renderer__): Object {
    "batchedUpdates": [Function],
    "getNode": [Function],
    "render": [Function],
    "simulateEvent": [Function],
    "unmount": [Function],
  },
  Symbol(enzyme.__node__): Object {
    "instance": null,
    "key": undefined,
    "nodeType": "host",
    "props": Object {
      "children": <div
        className="filter-option"
>
        <label>
                Car Make
        </label>
        <select
                id="carMake"
                onChange={[Function]}
                placeholder="Search by tags"
                value={undefined}
        >
                <option
                        value={1}
                >
                        1
                </option>
                <option
                        value={2}
                >
                        2
                </option>
                <option
                        value={3}
                >
                        3
                </option>
        </select>
        <label>
                Model
        </label>
        <select
                id="model"
                onChange={[Function]}
                value={undefined}
        >
                <option
                        value={1}
                >
                        1
                </option>
                <option
                        value={2}
                >
                        2
                </option>
                <option
                        value={3}
                >
                        3
                </option>
        </select>
</div>,
      "className": "filter-options",
    },
    "ref": null,
    "rendered": Object {
      "instance": null,
      "key": undefined,
      "nodeType": "host",
      "props": Object {
        "children": Array [
          <label>
            Car Make
</label>,
          <select
            id="carMake"
            onChange={[Function]}
            placeholder="Search by tags"
            value={undefined}
>
            <option
                        value={1}
            >
                        1
            </option>
            <option
                        value={2}
            >
                        2
            </option>
            <option
                        value={3}
            >
                        3
            </option>
</select>,
          <label>
            Model
</label>,
          <select
            id="model"
            onChange={[Function]}
            value={undefined}
>
            <option
                        value={1}
            >
                        1
            </option>
            <option
                        value={2}
            >
                        2
            </option>
            <option
                        value={3}
            >
                        3
            </option>
</select>,
        ],
        "className": "filter-option",
      },
      "ref": null,
      "rendered": Array [
        Object {
          "instance": null,
          "key": undefined,
          "nodeType": "host",
          "props": Object {
            "children": "Car Make",
          },
          "ref": null,
          "rendered": "Car Make",
          "type": "label",
        },
        Object {
          "instance": null,
          "key": undefined,
          "nodeType": "host",
          "props": Object {
            "children": Array [
              <option
                value={1}
>
                1
</option>,
              <option
                value={2}
>
                2
</option>,
              <option
                value={3}
>
                3
</option>,
            ],
            "id": "carMake",
            "onChange": [Function],
            "placeholder": "Search by tags",
            "value": undefined,
          },
          "ref": null,
          "rendered": Array [
            Object {
              "instance": null,
              "key": "1",
              "nodeType": "host",
              "props": Object {
                "children": 1,
                "value": 1,
              },
              "ref": null,
              "rendered": 1,
              "type": "option",
            },
            Object {
              "instance": null,
              "key": "2",
              "nodeType": "host",
              "props": Object {
                "children": 2,
                "value": 2,
              },
              "ref": null,
              "rendered": 2,
              "type": "option",
            },
            Object {
              "instance": null,
              "key": "3",
              "nodeType": "host",
              "props": Object {
                "children": 3,
                "value": 3,
              },
              "ref": null,
              "rendered": 3,
              "type": "option",
            },
          ],
          "type": "select",
        },
        Object {
          "instance": null,
          "key": undefined,
          "nodeType": "host",
          "props": Object {
            "children": "Model",
          },
          "ref": null,
          "rendered": "Model",
          "type": "label",
        },
        Object {
          "instance": null,
          "key": undefined,
          "nodeType": "host",
          "props": Object {
            "children": Array [
              <option
                value={1}
>
                1
</option>,
              <option
                value={2}
>
                2
</option>,
              <option
                value={3}
>
                3
</option>,
            ],
            "id": "model",
            "onChange": [Function],
            "value": undefined,
          },
          "ref": null,
          "rendered": Array [
            Object {
              "instance": null,
              "key": "1",
              "nodeType": "host",
              "props": Object {
                "children": 1,
                "value": 1,
              },
              "ref": null,
              "rendered": 1,
              "type": "option",
            },
            Object {
              "instance": null,
              "key": "2",
              "nodeType": "host",
              "props": Object {
                "children": 2,
                "value": 2,
              },
              "ref": null,
              "rendered": 2,
              "type": "option",
            },
            Object {
              "instance": null,
              "key": "3",
              "nodeType": "host",
              "props": Object {
                "children": 3,
                "value": 3,
              },
              "ref": null,
              "rendered": 3,
              "type": "option",
            },
          ],
          "type": "select",
        },
      ],
      "type": "div",
    },
    "type": "div",
  },
  Symbol(enzyme.__nodes__): Array [
    Object {
      "instance": null,
      "key": undefined,
      "nodeType": "host",
      "props": Object {
        "children": <div
          className="filter-option"
>
          <label>
                    Car Make
          </label>
          <select
                    id="carMake"
                    onChange={[Function]}
                    placeholder="Search by tags"
                    value={undefined}
          >
                    <option
                              value={1}
                    >
                              1
                    </option>
                    <option
                              value={2}
                    >
                              2
                    </option>
                    <option
                              value={3}
                    >
                              3
                    </option>
          </select>
          <label>
                    Model
          </label>
          <select
                    id="model"
                    onChange={[Function]}
                    value={undefined}
          >
                    <option
                              value={1}
                    >
                              1
                    </option>
                    <option
                              value={2}
                    >
                              2
                    </option>
                    <option
                              value={3}
                    >
                              3
                    </option>
          </select>
</div>,
        "className": "filter-options",
      },
      "ref": null,
      "rendered": Object {
        "instance": null,
        "key": undefined,
        "nodeType": "host",
        "props": Object {
          "children": Array [
            <label>
              Car Make
</label>,
            <select
              id="carMake"
              onChange={[Function]}
              placeholder="Search by tags"
              value={undefined}
>
              <option
                            value={1}
              >
                            1
              </option>
              <option
                            value={2}
              >
                            2
              </option>
              <option
                            value={3}
              >
                            3
              </option>
</select>,
            <label>
              Model
</label>,
            <select
              id="model"
              onChange={[Function]}
              value={undefined}
>
              <option
                            value={1}
              >
                            1
              </option>
              <option
                            value={2}
              >
                            2
              </option>
              <option
                            value={3}
              >
                            3
              </option>
</select>,
          ],
          "className": "filter-option",
        },
        "ref": null,
        "rendered": Array [
          Object {
            "instance": null,
            "key": undefined,
            "nodeType": "host",
            "props": Object {
              "children": "Car Make",
            },
            "ref": null,
            "rendered": "Car Make",
            "type": "label",
          },
          Object {
            "instance": null,
            "key": undefined,
            "nodeType": "host",
            "props": Object {
              "children": Array [
                <option
                  value={1}
>
                  1
</option>,
                <option
                  value={2}
>
                  2
</option>,
                <option
                  value={3}
>
                  3
</option>,
              ],
              "id": "carMake",
              "onChange": [Function],
              "placeholder": "Search by tags",
              "value": undefined,
            },
            "ref": null,
            "rendered": Array [
              Object {
                "instance": null,
                "key": "1",
                "nodeType": "host",
                "props": Object {
                  "children": 1,
                  "value": 1,
                },
                "ref": null,
                "rendered": 1,
                "type": "option",
              },
              Object {
                "instance": null,
                "key": "2",
                "nodeType": "host",
                "props": Object {
                  "children": 2,
                  "value": 2,
                },
                "ref": null,
                "rendered": 2,
                "type": "option",
              },
              Object {
                "instance": null,
                "key": "3",
                "nodeType": "host",
                "props": Object {
                  "children": 3,
                  "value": 3,
                },
                "ref": null,
                "rendered": 3,
                "type": "option",
              },
            ],
            "type": "select",
          },
          Object {
            "instance": null,
            "key": undefined,
            "nodeType": "host",
            "props": Object {
              "children": "Model",
            },
            "ref": null,
            "rendered": "Model",
            "type": "label",
          },
          Object {
            "instance": null,
            "key": undefined,
            "nodeType": "host",
            "props": Object {
              "children": Array [
                <option
                  value={1}
>
                  1
</option>,
                <option
                  value={2}
>
                  2
</option>,
                <option
                  value={3}
>
                  3
</option>,
              ],
              "id": "model",
              "onChange": [Function],
              "value": undefined,
            },
            "ref": null,
            "rendered": Array [
              Object {
                "instance": null,
                "key": "1",
                "nodeType": "host",
                "props": Object {
                  "children": 1,
                  "value": 1,
                },
                "ref": null,
                "rendered": 1,
                "type": "option",
              },
              Object {
                "instance": null,
                "key": "2",
                "nodeType": "host",
                "props": Object {
                  "children": 2,
                  "value": 2,
                },
                "ref": null,
                "rendered": 2,
                "type": "option",
              },
              Object {
                "instance": null,
                "key": "3",
                "nodeType": "host",
                "props": Object {
                  "children": 3,
                  "value": 3,
                },
                "ref": null,
                "rendered": 3,
                "type": "option",
              },
            ],
            "type": "select",
          },
        ],
        "type": "div",
      },
      "type": "div",
    },
  ],
  Symbol(enzyme.__options__): Object {
    "adapter": ReactSixteenAdapter {
      "options": Object {
        "enableComponentDidUpdateOnSetState": true,
      },
    },
  },
}
`;
