// Jest Snapshot v1, https://goo.gl/fbAQLP

exports[`shallow render without crashing 1`] = `
ShallowWrapper {
  "length": 1,
  Symbol(enzyme.__root__): [Circular],
  Symbol(enzyme.__unrendered__): <App />,
  Symbol(enzyme.__renderer__): Object {
    "batchedUpdates": [Function],
    "getNode": [Function],
    "render": [Function],
    "simulateEvent": [Function],
    "unmount": [Function],
  },
  Symbol(enzyme.__node__): Object {
    "instance": null,
    "key": undefined,
    "nodeType": "host",
    "props": Object {
      "children": Array [
        <FilterOptions
          carMakeOptions={
                    Array [
                              "",
                            ]
          }
          changeOption={[Function]}
          data={Array []}
          modelOptions={
                    Array [
                              "",
                            ]
          }
/>,
        <div
          className="filter-form"
>
          <FilterItems
                    data={Array []}
          />
</div>,
      ],
      "className": "container",
    },
    "ref": null,
    "rendered": Array [
      Object {
        "instance": null,
        "key": undefined,
        "nodeType": "class",
        "props": Object {
          "carMakeOptions": Array [
            "",
          ],
          "changeOption": [Function],
          "data": Array [],
          "modelOptions": Array [
            "",
          ],
        },
        "ref": null,
        "rendered": null,
        "type": [Function],
      },
      Object {
        "instance": null,
        "key": undefined,
        "nodeType": "host",
        "props": Object {
          "children": <FilterItems
            data={Array []}
/>,
          "className": "filter-form",
        },
        "ref": null,
        "rendered": Object {
          "instance": null,
          "key": undefined,
          "nodeType": "class",
          "props": Object {
            "data": Array [],
          },
          "ref": null,
          "rendered": null,
          "type": [Function],
        },
        "type": "div",
      },
    ],
    "type": "div",
  },
  Symbol(enzyme.__nodes__): Array [
    Object {
      "instance": null,
      "key": undefined,
      "nodeType": "host",
      "props": Object {
        "children": Array [
          <FilterOptions
            carMakeOptions={
                        Array [
                                    "",
                                  ]
            }
            changeOption={[Function]}
            data={Array []}
            modelOptions={
                        Array [
                                    "",
                                  ]
            }
/>,
          <div
            className="filter-form"
>
            <FilterItems
                        data={Array []}
            />
</div>,
        ],
        "className": "container",
      },
      "ref": null,
      "rendered": Array [
        Object {
          "instance": null,
          "key": undefined,
          "nodeType": "class",
          "props": Object {
            "carMakeOptions": Array [
              "",
            ],
            "changeOption": [Function],
            "data": Array [],
            "modelOptions": Array [
              "",
            ],
          },
          "ref": null,
          "rendered": null,
          "type": [Function],
        },
        Object {
          "instance": null,
          "key": undefined,
          "nodeType": "host",
          "props": Object {
            "children": <FilterItems
              data={Array []}
/>,
            "className": "filter-form",
          },
          "ref": null,
          "rendered": Object {
            "instance": null,
            "key": undefined,
            "nodeType": "class",
            "props": Object {
              "data": Array [],
            },
            "ref": null,
            "rendered": null,
            "type": [Function],
          },
          "type": "div",
        },
      ],
      "type": "div",
    },
  ],
  Symbol(enzyme.__options__): Object {
    "adapter": ReactSixteenAdapter {
      "options": Object {
        "enableComponentDidUpdateOnSetState": true,
      },
    },
  },
}
`;
